// Jest Snapshot v1, https://goo.gl/fbAQLP

exports[`BookingFormModal should match snapshot when modal is open 1`] = `
<div>
  <div
    class="fixed inset-0 bg-gray-500/20 backdrop-brightness-50 flex items-center justify-center p-4"
  >
    <div
      class="bg-white rounded-lg p-6 max-w-md w-full shadow-xl"
    >
      <div
        class="flex justify-between items-center mb-4"
      >
        <h2
          class="text-2xl font-bold text-gray-900"
        >
          Book 
          Test Service
        </h2>
        <button
          class="text-gray-500 hover:text-gray-700 cursor-pointer"
        >
          <svg
            class="w-6 h-6"
            fill="none"
            stroke="currentColor"
            viewBox="0 0 24 24"
          >
            <path
              d="M6 18L18 6M6 6l12 12"
              stroke-linecap="round"
              stroke-linejoin="round"
              stroke-width="2"
            />
          </svg>
        </button>
      </div>
      <form
        class="space-y-4"
      >
        <div>
          <label
            class="block text-sm font-medium text-gray-700"
            for="name"
          >
            Name
          </label>
          <input
            class="mt-1 block w-full rounded-md border-gray-300 p-2 shadow-sm focus:border-blue-500 focus:ring-blue-500 text-black"
            id="name"
            name="name"
            required=""
            type="text"
            value=""
          />
        </div>
        <div>
          <label
            class="block text-sm font-medium text-gray-700"
            for="email"
          >
            Email
          </label>
          <input
            class="mt-1 block w-full rounded-md border-gray-300 p-2 shadow-sm focus:border-blue-500 focus:ring-blue-500 text-black"
            id="email"
            name="email"
            required=""
            type="email"
            value=""
          />
        </div>
        <div>
          <label
            class="block text-sm font-medium text-gray-700"
            for="date"
          >
            Date
          </label>
          <input
            class="mt-1 block w-full rounded-md border-gray-300 p-2 shadow-sm focus:border-blue-500 focus:ring-blue-500 text-black"
            id="date"
            min="2025-05-17"
            name="date"
            required=""
            type="date"
            value=""
          />
        </div>
        <div>
          <label
            class="block text-sm font-medium text-gray-700"
            for="time"
          >
            Time
          </label>
          <input
            class="mt-1 block w-full rounded-md border-gray-300 p-2 shadow-sm focus:border-blue-500 focus:ring-blue-500 text-black"
            id="time"
            name="time"
            required=""
            type="time"
            value=""
          />
        </div>
        <div
          class="mt-6"
        >
          <button
            class="cursor-pointer w-full bg-blue-600 text-white py-2 px-4 rounded-md hover:bg-blue-700 transition-colors duration-200 disabled:bg-blue-400"
            disabled=""
            type="submit"
          >
            Confirm Booking
          </button>
        </div>
      </form>
    </div>
  </div>
</div>
`;

exports[`BookingFormModal should not render when modal is closed 1`] = `<div />`;
