// Jest Snapshot v1, https://goo.gl/fbAQLP

exports[`BookingCard should match snapshot 1`] = `
<div>
  <div
    class="bg-white rounded-lg shadow-md p-6 hover:shadow-lg transition-shadow duration-200"
  >
    <h3
      class="text-xl font-semibold text-gray-900 mb-2"
    >
      Test Service
    </h3>
    <p
      class="text-gray-600 mb-2"
    >
      John Doe
    </p>
    <p
      class="text-gray-600 mb-2"
    >
      john@example.com
    </p>
    <footer
      class="flex justify-between items-center mt-4"
    >
      <p
        class="text-gray-600"
      >
        March 20, 2024
      </p>
      <p
        class="text-gray-600"
      >
        14:30
      </p>
    </footer>
  </div>
</div>
`;
