// Jest Snapshot v1, https://goo.gl/fbAQLP

exports[`CenterCard should match snapshot 1`] = `
<div>
  <a
    href="/centers/1"
  >
    <div
      class="flex flex-col bg-white rounded-lg shadow-md p-6 hover:shadow-lg transition-shadow duration-200 h-[320px]"
    >
      <div
        class="relative w-20 h-20 mb-4"
      >
        <img
          alt="Test Center logo"
          class="object-contain"
          data-nimg="fill"
          decoding="async"
          loading="lazy"
          src="/logos/test-center.svg"
          style="position: absolute; height: 100%; width: 100%; left: 0px; top: 0px; right: 0px; bottom: 0px; color: transparent;"
        />
      </div>
      <h3
        class="text-xl font-semibold text-gray-900 mb-2"
      >
        Test Center
      </h3>
      <p
        class="text-gray-600"
      >
        Test Description
      </p>
      <div
        class="mt-auto"
      >
        <span
          class="inline-flex items-center px-3 py-1 rounded-full text-sm font-medium bg-blue-100 text-blue-800"
        >
          5
           services available
        </span>
      </div>
    </div>
  </a>
</div>
`;
