// Jest Snapshot v1, https://goo.gl/fbAQLP

exports[`LoadingSpinner should match snapshot 1`] = `
<div>
  <div
    class="flex justify-center items-center h-full"
    role="status"
  >
    <div
      class="animate-spin rounded-full h-20 w-20 border-t-2 border-b-2 border-gray-900"
    />
  </div>
</div>
`;
