// Jest Snapshot v1, https://goo.gl/fbAQLP

exports[`ServiceCard should match snapshot 1`] = `
<div>
  <div
    class="bg-white rounded-lg shadow-md p-6 hover:shadow-lg transition-shadow duration-200"
  >
    <h3
      class="text-xl font-semibold text-gray-900 mb-2"
    >
      Test Service
    </h3>
    <p
      class="text-gray-600 mb-4"
    >
      Test Description
    </p>
    <div
      class="flex items-center justify-between text-sm text-gray-500 mb-4"
    >
      <span>
        Duration: 
        60
         min
      </span>
      <span
        class="font-semibold text-gray-900"
      >
        $
        100
      </span>
    </div>
    <button
      class="cursor-pointer w-full bg-blue-600 text-white py-2 px-4 rounded-md hover:bg-blue-700 transition-colors duration-200"
    >
      Book Now
    </button>
  </div>
</div>
`;
