// Jest Snapshot v1, https://goo.gl/fbAQLP

exports[`XIcon should match snapshot 1`] = `
<div>
  <svg
    class="w-6 h-6"
    fill="none"
    stroke="currentColor"
    viewBox="0 0 24 24"
  >
    <path
      d="M6 18L18 6M6 6l12 12"
      stroke-linecap="round"
      stroke-linejoin="round"
      stroke-width="2"
    />
  </svg>
</div>
`;
